  Compiling CUDA source file kernel.cu...
  
  C:\Users\zackc\OneDrive\Desktop\GitHub\HPA-Final-Project-Glyph-Rendering\CudaRuntime1\CudaRuntime1>"C:\Program Files\NVIDIA GPU Computing Toolkit\CUDA\v12.6\bin\nvcc.exe" -gencode=arch=compute_52,code=\"sm_52,compute_52\" --use-local-env -ccbin "C:\Program Files\Microsoft Visual Studio\2022\Community\VC\Tools\MSVC\14.42.34433\bin\HostX64\x64" -x cu   -I"C:\Program Files\NVIDIA GPU Computing Toolkit\CUDA\v12.6\include" -I"C:\Program Files\NVIDIA GPU Computing Toolkit\CUDA\v12.6\include"  -G   --keep-dir x64\Debug  -maxrregcount=0   --machine 64 --compile -cudart static  -g  -DWIN32 -DWIN64 -D_DEBUG -D_CONSOLE -D_MBCS -Xcompiler "/EHsc /W3 /nologo /Od /FS /Zi /RTC1 /MDd " -Xcompiler "/Fdx64\Debug\vc143.pdb" -o C:\Users\zackc\OneDrive\Desktop\GitHub\HPA-Final-Project-Glyph-Rendering\CudaRuntime1\CudaRuntime1\x64\Debug\kernel.cu.obj "C:\Users\zackc\OneDrive\Desktop\GitHub\HPA-Final-Project-Glyph-Rendering\CudaRuntime1\CudaRuntime1\kernel.cu" 
C:\Users\zackc\OneDrive\Desktop\GitHub\HPA-Final-Project-Glyph-Rendering\CudaRuntime1\CudaRuntime1\stb_image.h(4309): warning #550-D: variable "old_limit" was set but never used
        unsigned int cur, limit, old_limit;
                                 ^
  
  Remark: The warnings can be suppressed with "-diag-suppress <warning-number>"
  
C:\Users\zackc\OneDrive\Desktop\GitHub\HPA-Final-Project-Glyph-Rendering\CudaRuntime1\CudaRuntime1\stb_image.h(5245): warning #550-D: variable "idata_limit_old" was set but never used
                    stbi__uint32 idata_limit_old = idata_limit;
                                 ^
  
C:\Users\zackc\OneDrive\Desktop\GitHub\HPA-Final-Project-Glyph-Rendering\CudaRuntime1\CudaRuntime1\stb_image.h(7079): warning #550-D: variable "out_size" was set but never used
            int out_size = 0;
                ^
  
C:\Users\zackc\OneDrive\Desktop\GitHub\HPA-Final-Project-Glyph-Rendering\CudaRuntime1\CudaRuntime1\stb_image.h(7080): warning #550-D: variable "delays_size" was set but never used
            int delays_size = 0;
                ^
  
C:\Users\zackc\OneDrive\Desktop\GitHub\HPA-Final-Project-Glyph-Rendering\CudaRuntime1\CudaRuntime1\kernel.cu(142): warning #20013-D: calling a constexpr __host__ function("max") from a __host__ __device__ function("draw_glyph_stroke_pixel") is not allowed. The experimental flag '--expt-relaxed-constexpr' can be used to allow this.
    	float min_dist = numeric_limits<float>::max();
    	                 ^
  
C:\Users\zackc\OneDrive\Desktop\GitHub\HPA-Final-Project-Glyph-Rendering\CudaRuntime1\CudaRuntime1\kernel.cu(160): warning #20013-D: calling a constexpr __host__ function("max") from a __host__ __device__ function("draw_glyph_stroke_pixel_wack") is not allowed. The experimental flag '--expt-relaxed-constexpr' can be used to allow this.
    	float min_dist = numeric_limits<float>::max();
    	                 ^
  
  kernel.cu
  tmpxft_00007204_00000000-7_kernel.cudafe1.cpp
C:\Users\zackc\OneDrive\Desktop\GitHub\HPA-Final-Project-Glyph-Rendering\CudaRuntime1\CudaRuntime1\stb_image.h(1): warning C4083: expected '('; found identifier 'disable'
C:\Users\zackc\OneDrive\Desktop\GitHub\HPA-Final-Project-Glyph-Rendering\CudaRuntime1\CudaRuntime1\kernel.cu(186): warning C4305: 'initializing': truncation from 'double' to 'float'
     Creating library C:\Users\zackc\OneDrive\Desktop\GitHub\HPA-Final-Project-Glyph-Rendering\CudaRuntime1\x64\Debug\CudaRuntime1.lib and object C:\Users\zackc\OneDrive\Desktop\GitHub\HPA-Final-Project-Glyph-Rendering\CudaRuntime1\x64\Debug\CudaRuntime1.exp
LINK : warning LNK4098: defaultlib 'LIBCMT' conflicts with use of other libs; use /NODEFAULTLIB:library
  CudaRuntime1.vcxproj -> C:\Users\zackc\OneDrive\Desktop\GitHub\HPA-Final-Project-Glyph-Rendering\CudaRuntime1\x64\Debug\CudaRuntime1.exe
